   Compiling proc-macro2 v1.0.107
   Compiling quote v1.0.47
   Compiling unicode-ident v1.0.24
   Compiling serde_core v1.0.229
   Compiling zmij v1.0.23
   Compiling serde v1.0.229
   Compiling rustix v1.1.4
   Compiling serde_json v1.0.151
   Compiling itoa v1.0.18
   Compiling bitflags v2.13.1
   Compiling linux-raw-sys v0.12.1
   Compiling memchr v2.8.3
   Compiling syn v3.0.5
   Compiling serde_derive v1.0.229
   Compiling harbormaster v0.1.0 (/work/crates/harbormaster)
    Finished `test` profile [unoptimized + debuginfo] target(s) in 3.02s
     Running unittests src/lib.rs (/state/target/debug/deps/harbormaster-e34b1e25470eb52c)

running 10 tests
test protocol::strict::tests::bounded_writer_refuses_growth_before_copying_excess_input ... ok
test tests::excess_arguments_have_a_typed_error ... ok
test tests::excess_arity_is_checked_before_encoding ... ok
test tests::no_arguments_request_help_without_a_default_mode ... ok
test tests::non_unicode_is_a_typed_value_free_error ... ok
test protocol::strict::tests::container_depth_eight_accepts_and_nine_rejects ... ok
test tests::long_help_is_a_pure_help_request ... ok
test tests::short_help_requests_help ... ok
test tests::unsupported_modes_and_values_have_no_runtime_action ... ok
test tests::version_aliases_are_pure_version_requests ... ok

test result: ok. 10 passed; 0 failed; 0 ignored; 0 measured; 0 filtered out; finished in 0.00s

     Running tests/protocol.rs (/state/target/debug/deps/protocol-430067b1a8349d32)

running 14 tests
test duplicate_decoded_keys_fail_before_typed_decoding ... ok
test accepted_m0_example_is_typed_and_roundtrips ... ok
test metadata_limits_are_utf8_bytes_and_reject_control_characters ... ok
test malformed_frame_never_returns_a_typed_event ... ok
test event_and_control_channels_never_cross_and_native_approval_is_absent ... ok
test uuid_and_decimal_newtypes_are_strict_at_their_boundaries ... ok
test capability_handshakes_are_bounded_claims_and_preserve_identity ... ok
test unknown_versions_and_errors_do_not_echo_private_input ... ok
test framing_boundaries_include_lf_and_reject_embedded_lines ... ok
test read_only_operations_reject_guards_and_enforce_snapshot_limits ... ok
test responses_have_explicit_typed_status_without_arbitrary_exception_fields ... ok
test mismatched_event_payloads_and_unknown_metadata_are_rejected ... ok
test stateful_requests_require_exact_guards_and_typed_arguments ... ok
test every_event_kind_has_a_distinct_allowlisted_payload ... ok

test result: ok. 14 passed; 0 failed; 0 ignored; 0 measured; 0 filtered out; finished in 0.00s

     Running tests/protocol_fuzz.rs (/state/target/debug/deps/protocol_fuzz-9aa83e27d44bb068)

running 2 tests
protocol_fuzz structured_families=12 structured_rejected=60 exact_limit_accepted=5 over_limit_rejected=5
test structured_hostile_families_are_rejected_on_every_wire_entry_point ... ok
protocol_fuzz seed=5206533088969097224 iterations=12000 accepted=[399, 359, 303, 319, 321] rejected=[1976, 2045, 2016, 2135, 2127] mutation_modes=[1514, 1511, 1544, 1540, 1478, 1486, 1453, 1474]
test deterministic_seeded_malformed_input_and_roundtrip_properties ... ok

test result: ok. 2 passed; 0 failed; 0 ignored; 0 measured; 0 filtered out; finished in 0.13s

